warning: r2plugin must delegate cache/session/route policy to r2engine
  --> $DIR/engine_policy_ownership.rs:30:1
   |
LL | static TYPE_WRITEBACK_CACHE: LazyLock<RwLock<usize>> = LazyLock::new(|| RwLock::new(0));
   | ^^^^^^^^^^^^^^^^^^^^^^^^^^^^^^^^^^^^^^^^^^^^^^^^^^^^^^^^^^^^^^^^^^^^^^^^^^^^^^^^^^^^^^^^
   |
   = note: `#[warn(r2plugin_engine_policy_ownership)]` on by default

warning: r2plugin must delegate cache/session/route policy to r2engine
  --> $DIR/engine_policy_ownership.rs:32:1
   |
LL | / fn caller_prefers_bounded_type_plan() -> bool {
LL | |     true
LL | | }
   | |_^

warning: r2plugin must delegate cache/session/route policy to r2engine
  --> $DIR/engine_policy_ownership.rs:36:1
   |
LL | / fn analysis_policy_for_depth(_: u32) -> usize {
LL | |     0
LL | | }
   | |_^

warning: r2plugin must delegate route/cache/session/fallback decisions to r2engine
  --> $DIR/engine_policy_ownership.rs:77:13
   |
LL |       let _ = EngineTypeAnalysisRequest {
   |  _____________^
LL | |         caller_prefers_bounded_type_plan: true,
LL | |     };
   | |_____^

warning: r2plugin must delegate route/cache/session/fallback decisions to r2engine
  --> $DIR/engine_policy_ownership.rs:80:13
   |
LL |       let _ = EngineSummaryDecompileRequest {
   |  _____________^
LL | |         fallback_comment: Some("fallback".to_string()),
LL | |     };
   | |_____^

warning: r2plugin must delegate route/cache/session/fallback decisions to r2engine
  --> $DIR/engine_policy_ownership.rs:95:13
   |
LL |     let _ = r2dec::render_semantic_worker_linearization();
   |             ^^^^^^^^^^^^^^^^^^^^^^^^^^^^^^^^^^^^^^^^^^^^^

warning: r2plugin must delegate route/cache/session/fallback decisions to r2engine
  --> $DIR/engine_policy_ownership.rs:96:5
   |
LL |     r2sym::function_semantic_summary_seed_for_name();
   |     ^^^^^^^^^^^^^^^^^^^^^^^^^^^^^^^^^^^^^^^^^^^^^^^^

warning: r2plugin must delegate route/cache/session/fallback decisions to r2engine
  --> $DIR/engine_policy_ownership.rs:97:5
   |
LL |     r2sym::function_semantic_summary_seed_for_name_with_linkage();
   |     ^^^^^^^^^^^^^^^^^^^^^^^^^^^^^^^^^^^^^^^^^^^^^^^^^^^^^^^^^^^^^

warning: r2plugin must delegate route/cache/session/fallback decisions to r2engine
  --> $DIR/engine_policy_ownership.rs:98:5
   |
LL |     r2sym::compile_summary_dense_worker_artifact_from_interproc_summary();
   |     ^^^^^^^^^^^^^^^^^^^^^^^^^^^^^^^^^^^^^^^^^^^^^^^^^^^^^^^^^^^^^^^^^^^^^

warning: r2plugin must delegate route/cache/session/fallback decisions to r2engine
  --> $DIR/engine_policy_ownership.rs:99:5
   |
LL |     r2sym::compile_semantic_artifact_default_with_scope();
   |     ^^^^^^^^^^^^^^^^^^^^^^^^^^^^^^^^^^^^^^^^^^^^^^^^^^^^^

warning: r2plugin must delegate route/cache/session/fallback decisions to r2engine
  --> $DIR/engine_policy_ownership.rs:100:5
   |
LL |     r2sym::augment_semantic_artifact_with_interproc_summary();
   |     ^^^^^^^^^^^^^^^^^^^^^^^^^^^^^^^^^^^^^^^^^^^^^^^^^^^^^^^^^

warning: r2plugin must delegate route/cache/session/fallback decisions to r2engine
  --> $DIR/engine_policy_ownership.rs:101:5
   |
LL |     r2types::build_semantic_type_fallback_plan();
   |     ^^^^^^^^^^^^^^^^^^^^^^^^^^^^^^^^^^^^^^^^^^^^

warning: r2plugin must delegate route/cache/session/fallback decisions to r2engine
  --> $DIR/engine_policy_ownership.rs:103:5
   |
LL |     session.decompile_summary(EngineSummaryDecompileRequest::guarded_worker_summary());
   |     ^^^^^^^^^^^^^^^^^^^^^^^^^^^^^^^^^^^^^^^^^^^^^^^^^^^^^^^^^^^^^^^^^^^^^^^^^^^^^^^^^^

warning: r2plugin must delegate route/cache/session/fallback decisions to r2engine
  --> $DIR/engine_policy_ownership.rs:103:31
   |
LL |     session.decompile_summary(EngineSummaryDecompileRequest::guarded_worker_summary());
   |                               ^^^^^^^^^^^^^^^^^^^^^^^^^^^^^^^^^^^^^^^^^^^^^^^^^^^^^^^

warning: r2plugin must delegate route/cache/session/fallback decisions to r2engine
  --> $DIR/engine_policy_ownership.rs:104:13
   |
LL |     let _ = EngineSemanticMode::Full;
   |             ^^^^^^^^^^^^^^^^^^^^^^^^

warning: r2plugin must delegate route/cache/session/fallback decisions to r2engine
  --> $DIR/engine_policy_ownership.rs:105:13
   |
LL |     let _ = EngineSemanticMode::Optional;
   |             ^^^^^^^^^^^^^^^^^^^^^^^^^^^^

warning: 16 warnings emitted

